
There are no discarded input sections

Memory Configuration

Name             Origin             Length             Attributes
ROM              0x80000000         0x00010000         xr
RAM              0x20000000         0x00004000         xrw
*default*        0x00000000         0xffffffff

Linker script and memory map

LOAD startup.o
LOAD main.o
                0x00001000                        STACK_SIZE = 0x1000
                0x00001000                        HEAP_SIZE = 0x1000
                0x20000000                        _RAM_ORG = ORIGIN (RAM)
                0x00004000                        _RAM_LEN = LENGTH (RAM)
                0x20004000                        _RAM_END = (_RAM_ORG + _RAM_LEN)
                0x20004000                        _estack = _RAM_END
                0x20004000                        PROVIDE (__StackTop = _estack)
                0x20003000                        PROVIDE (__StackLimit = (_estack - STACK_SIZE))

.text           0x80000000      0x168
                0x80000000                        . = ORIGIN (ROM)
                0x80000000                        . = ALIGN (0x4)
                0x80000000                        _stext = .
 *(.isr_vector)
 *(.text*)
 .text          0x80000000       0x60 startup.o
 .text          0x80000060       0xf6 main.o
                0x80000060                main
 *(.rodata*)
 *fill*         0x80000156        0x2 
 .rodata        0x80000158       0x10 main.o
                0x80000168                        . = ALIGN (0x4)
                0x80000168                        _etext = .

.rela.dyn       0x80000168        0x0
 .rela.text     0x80000168        0x0 startup.o

.data           0x20000000       0x10 load address 0x80000168
                0x20000000                        . = ALIGN (0x4)
                0x20000000                        _sdata = .
 *(.data*)
 .data          0x20000000        0x0 startup.o
 .data          0x20000000       0x10 main.o
                0x20000000                init_array
 *(.data.*)
                0x20000010                        . = ALIGN (0x4)
                0x20000010                        _edata = .

.sdata          0x20000010        0x4 load address 0x80000178
 .sdata         0x20000010        0x4 main.o
                0x20000010                test_result

.bss            0x20000014       0x10 load address 0x8000017c
                0x20000014                        . = ALIGN (0x4)
                0x20000014                        _sbss = .
 *(.bss*)
 .bss           0x20000014        0x0 startup.o
 .bss           0x20000014       0x10 main.o
                0x20000014                bss_array
 *(COMMON)
                0x20000024                        . = ALIGN (0x4)
                0x20000024                        _ebss = .
                0x20000024                        PROVIDE (__heap_start = ALIGN (_ebss, 0x4))
                0x20003000                        PROVIDE (__heap_end = __StackLimit)
                0x00000001                        ASSERT ((__heap_start < __heap_end), ERROR: heap_start >= heap_end (heap/stack overlap))
                0x00000001                        ASSERT ((_RAM_LEN >= (((SIZEOF (.data) + SIZEOF (.bss)) + STACK_SIZE) + HEAP_SIZE)), ERROR: RAM too small for data+bss+heap+stack)
                [!provide]                        PROVIDE (_sram = _RAM_ORG)
                [!provide]                        PROVIDE (_eram = _RAM_END)
                [!provide]                        PROVIDE (_sdata_vma = _sdata)
                [!provide]                        PROVIDE (_edata_vma = _edata)
                [!provide]                        PROVIDE (_sbss_vma = _sbss)
                [!provide]                        PROVIDE (_ebss_vma = _ebss)
                [!provide]                        PROVIDE (_etext_vma = _etext)
                0x80000168                        PROVIDE (_sidata = LOADADDR (.data))
OUTPUT(firmware.elf elf32-littleriscv)

.sbss           0x20000024        0x4 load address 0x8000018c
 .sbss          0x20000024        0x4 main.o
                0x20000024                __stack_pointer_initial

.riscv.attributes
                0x00000000       0x52
 .riscv.attributes
                0x00000000       0x4c startup.o
 .riscv.attributes
                0x0000004c       0x52 main.o

.comment        0x00000000       0x19
 .comment       0x00000000       0x19 main.o
                                 0x1a (size before relaxing)

.note.GNU-stack
                0x00000000        0x0
 .note.GNU-stack
                0x00000000        0x0 main.o
