
There are no discarded input sections

Memory Configuration

Name             Origin             Length             Attributes
ROM              0x00001000         0x00010000         xr
RAM              0x20000000         0x00004000         xrw
*default*        0x00000000         0xffffffff

Linker script and memory map

LOAD /var/folders/j5/7zwz0g1n5r56czn7kgdjdmgr0000gn/T//ccTn9eo2.o
LOAD /Users/beneisenberg/riscv/lib/gcc/riscv32-unknown-elf/15.1.0/libgcc.a
START GROUP
LOAD /Users/beneisenberg/riscv/lib/gcc/riscv32-unknown-elf/15.1.0/../../../../riscv32-unknown-elf/lib/libc.a
LOAD /Users/beneisenberg/riscv/lib/gcc/riscv32-unknown-elf/15.1.0/../../../../riscv32-unknown-elf/lib/libgloss.a
END GROUP
LOAD /Users/beneisenberg/riscv/lib/gcc/riscv32-unknown-elf/15.1.0/libgcc.a
                0x00001000                        STACK_SIZE = 0x1000
                0x00001000                        HEAP_SIZE = 0x1000
                0x20000000                        _RAM_ORG = ORIGIN (RAM)
                0x00004000                        _RAM_LEN = LENGTH (RAM)
                0x20004000                        _RAM_END = (_RAM_ORG + _RAM_LEN)
                0x20004000                        _estack = _RAM_END
                [!provide]                        PROVIDE (__StackTop = _estack)
                0x20003000                        PROVIDE (__StackLimit = (_estack - STACK_SIZE))

.text           0x00001000        0x4
                0x00001000                        . = ORIGIN (ROM)
                0x00001000                        . = ALIGN (0x4)
                0x00001000                        _stext = .
 *(.isr_vector)
 .isr_vector    0x00001000        0x4 /var/folders/j5/7zwz0g1n5r56czn7kgdjdmgr0000gn/T//ccTn9eo2.o
                0x00001000                _start
 *(.text*)
 .text          0x00001004        0x0 /var/folders/j5/7zwz0g1n5r56czn7kgdjdmgr0000gn/T//ccTn9eo2.o
 *(.rodata*)
                0x00001004                        . = ALIGN (0x4)
                0x00001004                        _etext = .

.data           0x20000000        0x0 load address 0x00001004
                0x20000000                        . = ALIGN (0x4)
                0x20000000                        _sdata = .
 *(.data*)
 .data          0x20000000        0x0 /var/folders/j5/7zwz0g1n5r56czn7kgdjdmgr0000gn/T//ccTn9eo2.o
 *(.data.*)
                0x20000000                        . = ALIGN (0x4)
                0x20000000                        _edata = .

.bss            0x20000000        0x0 load address 0x00001004
                0x20000000                        . = ALIGN (0x4)
                0x20000000                        _sbss = .
 *(.bss*)
 .bss           0x20000000        0x0 /var/folders/j5/7zwz0g1n5r56czn7kgdjdmgr0000gn/T//ccTn9eo2.o
 *(COMMON)
                0x20000000                        . = ALIGN (0x4)
                0x20000000                        _ebss = .
                0x20000000                        PROVIDE (__heap_start = ALIGN (_ebss, 0x4))
                0x20003000                        PROVIDE (__heap_end = __StackLimit)
                0x00000001                        ASSERT ((__heap_start < __heap_end), ERROR: heap_start >= heap_end (heap/stack overlap))
                0x00000001                        ASSERT ((_RAM_LEN >= (((SIZEOF (.data) + SIZEOF (.bss)) + STACK_SIZE) + HEAP_SIZE)), ERROR: RAM too small for data+bss+heap+stack)
                [!provide]                        PROVIDE (_sram = _RAM_ORG)
                [!provide]                        PROVIDE (_eram = _RAM_END)
                [!provide]                        PROVIDE (_sdata_vma = _sdata)
                [!provide]                        PROVIDE (_edata_vma = _edata)
                [!provide]                        PROVIDE (_sbss_vma = _sbss)
                [!provide]                        PROVIDE (_ebss_vma = _ebss)
                [!provide]                        PROVIDE (_etext_vma = _etext)
OUTPUT(test_reset.elf elf32-littleriscv)

.riscv.attributes
                0x00000000       0x1a
 .riscv.attributes
                0x00000000       0x1a /var/folders/j5/7zwz0g1n5r56czn7kgdjdmgr0000gn/T//ccTn9eo2.o
